###############################################################################
#                                                                             #
# IAR C/C++ Compiler V8.10.3.10338/W32 for 8051         18/Dec/2023  14:18:03 #
# Copyright 2004-2011 IAR Systems AB.                                         #
#                                                                             #
#    Core               =  plain                                              #
#    Code model         =  banked                                             #
#    Data model         =  large                                              #
#    Calling convention =  xdata reentrant                                    #
#    Constant location  =  data_rom                                           #
#    Dptr setup         =  1,16                                               #
#    Source file        =  D:\B2B-Zpro\touchuan\ZStack-CC2530-2.5.1a\Projects #
#                          \zstack\Samples\SampleApp\Source\SampleApp.c       #
#    Command line       =  -f D:\B2B-Zpro\touchuan\ZStack-CC2530-2.5.1a\Proje #
#                          cts\zstack\Samples\SampleApp\CC2530DB\..\..\..\Too #
#                          ls\CC2530DB\f8wEndev.cfg (-DCPU32MHZ               #
#                          -DROOT=__near_func -DMAC_CFG_TX_DATA_MAX=3         #
#                          -DMAC_CFG_TX_MAX=6 -DMAC_CFG_RX_MAX=3) -f          #
#                          D:\B2B-Zpro\touchuan\ZStack-CC2530-2.5.1a\Projects #
#                          \zstack\Samples\SampleApp\CC2530DB\..\..\..\Tools\ #
#                          CC2530DB\f8wConfig.cfg (-DZIGBEEPRO -DSECURE=0     #
#                          -DZG_SECURE_DYNAMIC=0 -DREFLECTOR                  #
#                          -DDEFAULT_CHANLIST=0x00000800                      #
#                          -DZDAPP_CONFIG_PAN_ID=0xFFFF                       #
#                          -DNWK_START_DELAY=100 -DEXTENDED_JOINING_RANDOM_MA #
#                          SK=0x007F -DBEACON_REQUEST_DELAY=100               #
#                          -DBEACON_REQ_DELAY_MASK=0x00FF                     #
#                          -DLINK_STATUS_JITTER_MASK=0x007F                   #
#                          -DROUTE_EXPIRY_TIME=30 -DAPSC_ACK_WAIT_DURATION_PO #
#                          LLED=3000 -DNWK_INDIRECT_MSG_TIMEOUT=7             #
#                          -DMAX_RREQ_ENTRIES=8 -DAPSC_MAX_FRAME_RETRIES=3    #
#                          -DNWK_MAX_DATA_RETRIES=2                           #
#                          -DMAX_POLL_FAILURE_RETRIES=2 -DMAX_BCAST=9         #
#                          -DAPS_MAX_GROUPS=16 -DMAX_RTG_ENTRIES=40           #
#                          -DNWK_MAX_BINDING_ENTRIES=4                        #
#                          -DMAX_BINDING_CLUSTER_IDS=4 "-DDEFAULT_KEY={0x01,  #
#                          0x03, 0x05, 0x07, 0x09, 0x0B, 0x0D, 0x0F, 0x00,    #
#                          0x02, 0x04, 0x06, 0x08, 0x0A, 0x0C, 0x0D}"         #
#                          -DMAC_MAX_FRAME_SIZE=116                           #
#                          -DZDNWKMGR_MIN_TRANSMISSIONS=20 "-DCONST=const     #
#                          __code" -DGENERIC=__generic                        #
#                          -DRFD_RCVC_ALWAYS_ON=FALSE -DPOLL_RATE=1000        #
#                          -DQUEUED_POLL_RATE=100 -DRESPONSE_POLL_RATE=100)   #
#                          -DREJOIN_POLL_RATE=440 D:\B2B-Zpro\touchuan\ZStack #
#                          -CC2530-2.5.1a\Projects\zstack\Samples\SampleApp\S #
#                          ource\SampleApp.c -D NWK_AUTO_POLL -D ZTOOL_P1 -D  #
#                          MT_TASK -D MT_SYS_FUNC -D MT_ZDO_FUNC -D           #
#                          LCD_SUPPORTED=DEBUG -lC D:\B2B-Zpro\touchuan\ZStac #
#                          k-CC2530-2.5.1a\Projects\zstack\Samples\SampleApp\ #
#                          CC2530DB\EndDeviceEB\List\ -lA                     #
#                          D:\B2B-Zpro\touchuan\ZStack-CC2530-2.5.1a\Projects #
#                          \zstack\Samples\SampleApp\CC2530DB\EndDeviceEB\Lis #
#                          t\ --diag_suppress Pe001,Pa010 -o                  #
#                          D:\B2B-Zpro\touchuan\ZStack-CC2530-2.5.1a\Projects #
#                          \zstack\Samples\SampleApp\CC2530DB\EndDeviceEB\Obj #
#                          \ -e --no_code_motion --debug --core=plain         #
#                          --dptr=16,1 --data_model=large                     #
#                          --code_model=banked --calling_convention=xdata_ree #
#                          ntrant --place_constants=data_rom                  #
#                          --nr_virtual_regs 16 -I D:\B2B-Zpro\touchuan\ZStac #
#                          k-CC2530-2.5.1a\Projects\zstack\Samples\SampleApp\ #
#                          CC2530DB\ -I D:\B2B-Zpro\touchuan\ZStack-CC2530-2. #
#                          5.1a\Projects\zstack\Samples\SampleApp\CC2530DB\.. #
#                          \Source\ -I D:\B2B-Zpro\touchuan\ZStack-CC2530-2.5 #
#                          .1a\Projects\zstack\Samples\SampleApp\CC2530DB\..\ #
#                          ..\..\ZMain\TI2530DB\ -I                           #
#                          D:\B2B-Zpro\touchuan\ZStack-CC2530-2.5.1a\Projects #
#                          \zstack\Samples\SampleApp\CC2530DB\..\..\..\..\..\ #
#                          Components\hal\include\ -I                         #
#                          D:\B2B-Zpro\touchuan\ZStack-CC2530-2.5.1a\Projects #
#                          \zstack\Samples\SampleApp\CC2530DB\..\..\..\..\..\ #
#                          Components\hal\target\CC2530EB\ -I                 #
#                          D:\B2B-Zpro\touchuan\ZStack-CC2530-2.5.1a\Projects #
#                          \zstack\Samples\SampleApp\CC2530DB\..\..\..\..\..\ #
#                          Components\mac\include\ -I                         #
#                          D:\B2B-Zpro\touchuan\ZStack-CC2530-2.5.1a\Projects #
#                          \zstack\Samples\SampleApp\CC2530DB\..\..\..\..\..\ #
#                          Components\mac\high_level\ -I                      #
#                          D:\B2B-Zpro\touchuan\ZStack-CC2530-2.5.1a\Projects #
#                          \zstack\Samples\SampleApp\CC2530DB\..\..\..\..\..\ #
#                          Components\mac\low_level\srf04\ -I                 #
#                          D:\B2B-Zpro\touchuan\ZStack-CC2530-2.5.1a\Projects #
#                          \zstack\Samples\SampleApp\CC2530DB\..\..\..\..\..\ #
#                          Components\mac\low_level\srf04\single_chip\ -I     #
#                          D:\B2B-Zpro\touchuan\ZStack-CC2530-2.5.1a\Projects #
#                          \zstack\Samples\SampleApp\CC2530DB\..\..\..\..\..\ #
#                          Components\mt\ -I D:\B2B-Zpro\touchuan\ZStack-CC25 #
#                          30-2.5.1a\Projects\zstack\Samples\SampleApp\CC2530 #
#                          DB\..\..\..\..\..\Components\osal\include\ -I      #
#                          D:\B2B-Zpro\touchuan\ZStack-CC2530-2.5.1a\Projects #
#                          \zstack\Samples\SampleApp\CC2530DB\..\..\..\..\..\ #
#                          Components\services\saddr\ -I                      #
#                          D:\B2B-Zpro\touchuan\ZStack-CC2530-2.5.1a\Projects #
#                          \zstack\Samples\SampleApp\CC2530DB\..\..\..\..\..\ #
#                          Components\services\sdata\ -I                      #
#                          D:\B2B-Zpro\touchuan\ZStack-CC2530-2.5.1a\Projects #
#                          \zstack\Samples\SampleApp\CC2530DB\..\..\..\..\..\ #
#                          Components\stack\af\ -I D:\B2B-Zpro\touchuan\ZStac #
#                          k-CC2530-2.5.1a\Projects\zstack\Samples\SampleApp\ #
#                          CC2530DB\..\..\..\..\..\Components\stack\nwk\ -I   #
#                          D:\B2B-Zpro\touchuan\ZStack-CC2530-2.5.1a\Projects #
#                          \zstack\Samples\SampleApp\CC2530DB\..\..\..\..\..\ #
#                          Components\stack\sapi\ -I                          #
#                          D:\B2B-Zpro\touchuan\ZStack-CC2530-2.5.1a\Projects #
#                          \zstack\Samples\SampleApp\CC2530DB\..\..\..\..\..\ #
#                          Components\stack\sec\ -I                           #
#                          D:\B2B-Zpro\touchuan\ZStack-CC2530-2.5.1a\Projects #
#                          \zstack\Samples\SampleApp\CC2530DB\..\..\..\..\..\ #
#                          Components\stack\sys\ -I                           #
#                          D:\B2B-Zpro\touchuan\ZStack-CC2530-2.5.1a\Projects #
#                          \zstack\Samples\SampleApp\CC2530DB\..\..\..\..\..\ #
#                          Components\stack\zdo\ -I                           #
#                          D:\B2B-Zpro\touchuan\ZStack-CC2530-2.5.1a\Projects #
#                          \zstack\Samples\SampleApp\CC2530DB\..\..\..\..\..\ #
#                          Components\zmac\ -I D:\B2B-Zpro\touchuan\ZStack-CC #
#                          2530-2.5.1a\Projects\zstack\Samples\SampleApp\CC25 #
#                          30DB\..\..\..\..\..\Components\zmac\f8w\ -Ohz      #
#                          --require_prototypes                               #
#    List file          =  D:\B2B-Zpro\touchuan\ZStack-CC2530-2.5.1a\Projects #
#                          \zstack\Samples\SampleApp\CC2530DB\EndDeviceEB\Lis #
#                          t\SampleApp.lst                                    #
#    Object file        =  D:\B2B-Zpro\touchuan\ZStack-CC2530-2.5.1a\Projects #
#                          \zstack\Samples\SampleApp\CC2530DB\EndDeviceEB\Obj #
#                          \SampleApp.r51                                     #
#                                                                             #
#                                                                             #
###############################################################################

D:\B2B-Zpro\touchuan\ZStack-CC2530-2.5.1a\Projects\zstack\Samples\SampleApp\Source\SampleApp.c
      1          /**************************************************************************************************
      2            Filename:       SampleApp.c
      3            Revised:        $Date: 2009-03-18 15:56:27 -0700 (Wed, 18 Mar 2009) $
      4            Revision:       $Revision: 19453 $
      5          
      6            Description:    Sample Application (no Profile).
      7          
      8          
      9            Copyright 2007 Texas Instruments Incorporated. All rights reserved.
     10          
     11            IMPORTANT: Your use of this Software is limited to those specific rights
     12            granted under the terms of a software license agreement between the user
     13            who downloaded the software, his/her employer (which must be your employer)
     14            and Texas Instruments Incorporated (the "License").  You may not use this
     15            Software unless you agree to abide by the terms of the License. The License
     16            limits your use, and you acknowledge, that the Software may not be modified,
     17            copied or distributed unless embedded on a Texas Instruments microcontroller
     18            or used solely and exclusively in conjunction with a Texas Instruments radio
     19            frequency transceiver, which is integrated into your product.  Other than for
     20            the foregoing purpose, you may not use, reproduce, copy, prepare derivative
     21            works of, modify, distribute, perform, display or sell this Software and/or
     22            its documentation for any purpose.
     23          
     24            YOU FURTHER ACKNOWLEDGE AND AGREE THAT THE SOFTWARE AND DOCUMENTATION ARE
     25            PROVIDED “AS IS?WITHOUT WARRANTY OF ANY KIND, EITHER EXPRESS OR IMPLIED,
     26            INCLUDING WITHOUT LIMITATION, ANY WARRANTY OF MERCHANTABILITY, TITLE,
     27            NON-INFRINGEMENT AND FITNESS FOR A PARTICULAR PURPOSE. IN NO EVENT SHALL
     28            TEXAS INSTRUMENTS OR ITS LICENSORS BE LIABLE OR OBLIGATED UNDER CONTRACT,
     29            NEGLIGENCE, STRICT LIABILITY, CONTRIBUTION, BREACH OF WARRANTY, OR OTHER
     30            LEGAL EQUITABLE THEORY ANY DIRECT OR INDIRECT DAMAGES OR EXPENSES
     31            INCLUDING BUT NOT LIMITED TO ANY INCIDENTAL, SPECIAL, INDIRECT, PUNITIVE
     32            OR CONSEQUENTIAL DAMAGES, LOST PROFITS OR LOST DATA, COST OF PROCUREMENT
     33            OF SUBSTITUTE GOODS, TECHNOLOGY, SERVICES, OR ANY CLAIMS BY THIRD PARTIES
     34            (INCLUDING BUT NOT LIMITED TO ANY DEFENSE THEREOF), OR OTHER SIMILAR COSTS.
     35          
     36            Should you have any questions regarding your right to use this Software,
     37            contact Texas Instruments Incorporated at www.TI.com.
     38          **************************************************************************************************/
     39          
     40          /*********************************************************************
     41            This application isn't intended to do anything useful, it is
     42            intended to be a simple example of an application's structure.
     43          
     44            This application sends it's messages either as broadcast or
     45            broadcast filtered group messages.  The other (more normal)
     46            message addressing is unicast.  Most of the other sample
     47            applications are written to support the unicast message model.
     48          
     49            Key control:
     50              SW1:  Sends a flash command to all devices in Group 1.
     51              SW2:  Adds/Removes (toggles) this device in and out
     52                    of Group 1.  This will enable and disable the
     53                    reception of the flash command.
     54          *********************************************************************/
     55          
     56          /*********************************************************************
     57           * INCLUDES
     58           */
     59          #include "OSAL.h"
     60          #include "ZGlobals.h"
     61          #include "AF.h"
     62          #include "aps_groups.h"
     63          #include "ZDApp.h"
     64          
     65          #include "SampleApp.h"
     66          #include "SampleAppHw.h"
     67          
     68          #include "OnBoard.h"
     69          
     70          /* HAL */
     71          #include "hal_lcd.h"
     72          #include "hal_led.h"
     73          #include "hal_key.h"
     74          #include "MT_UART.h"
     75          #include "MT_APP.h"
     76          #include "MT.h"
     77          /*********************************************************************
     78           * MACROS
     79           */
     80          
     81          /*********************************************************************
     82           * CONSTANTS
     83           */
     84          
     85          /*********************************************************************
     86           * TYPEDEFS
     87           */
     88          
     89          /*********************************************************************
     90           * GLOBAL VARIABLES
     91           */
     92          
     93          // This list should be filled with Application specific Cluster IDs.

   \                                 In  segment XDATA_ROM_C, align 1
     94          const cId_t SampleApp_ClusterList[SAMPLEAPP_MAX_CLUSTERS] =
   \                     SampleApp_ClusterList:
   \   000000   0100         DW 1
   \   000002   0200         DW 2
     95          {
     96            SAMPLEAPP_PERIODIC_CLUSTERID,
     97            SAMPLEAPP_FLASH_CLUSTERID
     98          };
     99          

   \                                 In  segment XDATA_ROM_C, align 1
    100          const SimpleDescriptionFormat_t SampleApp_SimpleDesc =
   \                     SampleApp_SimpleDesc:
   \   000000   14           DB 20
   \   000001   080F         DW 3848
   \   000003   0100         DW 1
   \   000005   00           DB 0
   \   000006   02           DB 2
   \   000007   ....         DW SampleApp_ClusterList
   \   000009   02           DB 2
   \   00000A   ....         DW SampleApp_ClusterList
    101          {
    102            SAMPLEAPP_ENDPOINT,              //  int Endpoint;
    103            SAMPLEAPP_PROFID,                //  uint16 AppProfId[2];
    104            SAMPLEAPP_DEVICEID,              //  uint16 AppDeviceId[2];
    105            SAMPLEAPP_DEVICE_VERSION,        //  int   AppDevVer:4;
    106            SAMPLEAPP_FLAGS,                 //  int   AppFlags:4;
    107            SAMPLEAPP_MAX_CLUSTERS,          //  uint8  AppNumInClusters;
    108            (cId_t *)SampleApp_ClusterList,  //  uint8 *pAppInClusterList;
    109            SAMPLEAPP_MAX_CLUSTERS,          //  uint8  AppNumInClusters;
    110            (cId_t *)SampleApp_ClusterList   //  uint8 *pAppInClusterList;
    111          };
    112          
    113          // This is the Endpoint/Interface description.  It is defined here, but
    114          // filled-in in SampleApp_Init().  Another way to go would be to fill
    115          // in the structure here and make it a "const" (in code space).  The
    116          // way it's defined in this sample app it is define in RAM.

   \                                 In  segment XDATA_Z, align 1, keep-with-next
    117          endPointDesc_t SampleApp_epDesc;
   \                     SampleApp_epDesc:
   \   000000                DS 6
   \   000006                REQUIRE __INIT_XDATA_Z
    118          
    119          /*********************************************************************
    120           * EXTERNAL VARIABLES
    121           */
    122          
    123          /*********************************************************************
    124           * EXTERNAL FUNCTIONS
    125           */
    126          
    127          /*********************************************************************
    128           * LOCAL VARIABLES
    129           */

   \                                 In  segment XDATA_Z, align 1, keep-with-next
    130          uint8 SampleApp_TaskID;   // Task ID for internal task/event processing
   \                     SampleApp_TaskID:
   \   000000                DS 1
   \   000001                REQUIRE __INIT_XDATA_Z
    131                                    // This variable will be received when
    132                                    // SampleApp_Init() is called.

   \                                 In  segment XDATA_Z, align 1, keep-with-next
    133          devStates_t SampleApp_NwkState;
   \                     SampleApp_NwkState:
   \   000000                DS 1
   \   000001                REQUIRE __INIT_XDATA_Z
    134          

   \                                 In  segment XDATA_Z, align 1, keep-with-next
    135          uint8 SampleApp_TransID;  // This is the unique message ID (counter)
   \                     SampleApp_TransID:
   \   000000                DS 1
   \   000001                REQUIRE __INIT_XDATA_Z
    136          

   \                                 In  segment XDATA_Z, align 1, keep-with-next
    137          afAddrType_t SampleApp_Periodic_DstAddr;
   \                     SampleApp_Periodic_DstAddr:
   \   000000                DS 12
   \   00000C                REQUIRE __INIT_XDATA_Z

   \                                 In  segment XDATA_Z, align 1, keep-with-next
    138          afAddrType_t SampleApp_Flash_DstAddr;
   \                     SampleApp_Flash_DstAddr:
   \   000000                DS 12
   \   00000C                REQUIRE __INIT_XDATA_Z
    139          

   \                                 In  segment XDATA_Z, align 1, keep-with-next
    140          aps_Group_t SampleApp_Group;
   \                     SampleApp_Group:
   \   000000                DS 18
   \   000012                REQUIRE __INIT_XDATA_Z
    141          

   \                                 In  segment XDATA_Z, align 1, keep-with-next
    142          uint8 SampleAppPeriodicCounter = 0;
   \                     SampleAppPeriodicCounter:
   \   000000                DS 1
   \   000001                REQUIRE __INIT_XDATA_Z

   \                                 In  segment XDATA_Z, align 1, keep-with-next
    143          uint8 SampleAppFlashCounter = 0;
   \                     SampleAppFlashCounter:
   \   000000                DS 1
   \   000001                REQUIRE __INIT_XDATA_Z
    144          
    145          /*********************************************************************
    146           * LOCAL FUNCTIONS
    147           */
    148          void SampleApp_HandleKeys( uint8 shift, uint8 keys );
    149          void SampleApp_MessageMSGCB( afIncomingMSGPacket_t *pckt );
    150          void SampleApp_SendPeriodicMessage( void );
    151          void SampleApp_SendFlashMessage( uint16 flashTime );
    152          void SampleApp_SerialMSG(mtOSALSerialData_t *SeMsg);
    153          /*********************************************************************
    154           * NETWORK LAYER CALLBACKS
    155           */
    156          
    157          /*********************************************************************
    158           * PUBLIC FUNCTIONS
    159           */
    160          
    161          /*********************************************************************
    162           * @fn      SampleApp_Init
    163           *
    164           * @brief   Initialization function for the Generic App Task.
    165           *          This is called during initialization and should contain
    166           *          any application specific initialization (ie. hardware
    167           *          initialization/setup, table initialization, power up
    168           *          notificaiton ... ).
    169           *
    170           * @param   task_id - the ID assigned by OSAL.  This ID should be
    171           *                    used to send messages and set timers.
    172           *
    173           * @return  none
    174           */

   \                                 In  segment BANKED_CODE, align 1, keep-with-next
    175          void SampleApp_Init( uint8 task_id )
   \                     SampleApp_Init:
    176          {
   \   000000   74F5         MOV     A,#-0xb
   \   000002   12....       LCALL   ?BANKED_ENTER_XDATA
   \   000005                ; Saved register size: 11
   \   000005                ; Auto size: 0
   \   000005   E9           MOV     A,R1
   \   000006   FE           MOV     R6,A
    177            SampleApp_TaskID = task_id;
   \   000007   90....       MOV     DPTR,#SampleApp_TaskID
   \   00000A   F0           MOVX    @DPTR,A
    178            SampleApp_NwkState = DEV_INIT;
   \   00000B   90....       MOV     DPTR,#SampleApp_NwkState
   \   00000E   7401         MOV     A,#0x1
   \   000010   F0           MOVX    @DPTR,A
    179            SampleApp_TransID = 0;
   \   000011   90....       MOV     DPTR,#SampleApp_TransID
   \   000014   E4           CLR     A
   \   000015   F0           MOVX    @DPTR,A
    180          
    181            MT_UartInit();
   \   000016                ; Setup parameters for call to function MT_UartInit
   \   000016   12....       LCALL   ??MT_UartInit?relay
    182            MT_UartRegisterTaskID(task_id);
   \   000019                ; Setup parameters for call to function MT_UartRegisterTaskID
   \   000019   EE           MOV     A,R6
   \   00001A   F9           MOV     R1,A
   \   00001B   12....       LCALL   ??MT_UartRegisterTaskID?relay
    183            HalUARTWrite(0,"NEWLab\n",7);
   \   00001E                ; Setup parameters for call to function HalUARTWrite
   \   00001E   7C07         MOV     R4,#0x7
   \   000020   7D00         MOV     R5,#0x0
   \   000022   7A..         MOV     R2,#`?<Constant "NEWLab\\n">` & 0xff
   \   000024   7B..         MOV     R3,#(`?<Constant "NEWLab\\n">` >> 8) & 0xff
   \   000026   7900         MOV     R1,#0x0
   \   000028   12....       LCALL   ??HalUARTWrite?relay
    184            // Device hardware initialization can be added here or in main() (Zmain.c).
    185            // If the hardware is application specific - add it here.
    186            // If the hardware is other parts of the device add it in main().
    187          
    188           #if defined ( BUILD_ALL_DEVICES )
    189            // The "Demo" target is setup to have BUILD_ALL_DEVICES and HOLD_AUTO_START
    190            // We are looking at a jumper (defined in SampleAppHw.c) to be jumpered
    191            // together - if they are - we will start up a coordinator. Otherwise,
    192            // the device will start as a router.
    193            if ( readCoordinatorJumper() )
    194              zgDeviceLogicalType = ZG_DEVICETYPE_COORDINATOR;
    195            else
    196              zgDeviceLogicalType = ZG_DEVICETYPE_ROUTER;
    197          #endif // BUILD_ALL_DEVICES
    198          
    199          #if defined ( HOLD_AUTO_START )
    200            // HOLD_AUTO_START is a compile option that will surpress ZDApp
    201            //  from starting the device and wait for the application to
    202            //  start the device.
    203            ZDOInitDevice(0);
    204          #endif
    205          
    206            // Setup for the periodic message's destination address
    207            // Broadcast to everyone
    208            SampleApp_Periodic_DstAddr.addrMode = (afAddrMode_t)AddrBroadcast;
   \   00002B   90....       MOV     DPTR,#SampleApp_Periodic_DstAddr + 8
   \   00002E   740F         MOV     A,#0xf
   \   000030   F0           MOVX    @DPTR,A
    209            SampleApp_Periodic_DstAddr.endPoint = SAMPLEAPP_ENDPOINT;
   \   000031   A3           INC     DPTR
   \   000032   7414         MOV     A,#0x14
   \   000034   F0           MOVX    @DPTR,A
    210            SampleApp_Periodic_DstAddr.addr.shortAddr = 0xFFFF;
   \   000035   90....       MOV     DPTR,#SampleApp_Periodic_DstAddr
   \   000038   74FF         MOV     A,#-0x1
   \   00003A   F0           MOVX    @DPTR,A
   \   00003B   A3           INC     DPTR
   \   00003C   F0           MOVX    @DPTR,A
    211          
    212            // Setup for the flash command's destination address - Group 1
    213            SampleApp_Flash_DstAddr.addrMode = (afAddrMode_t)afAddrGroup;
   \   00003D   90....       MOV     DPTR,#SampleApp_Flash_DstAddr + 8
   \   000040   7401         MOV     A,#0x1
   \   000042   F0           MOVX    @DPTR,A
    214            SampleApp_Flash_DstAddr.endPoint = SAMPLEAPP_ENDPOINT;
   \   000043   A3           INC     DPTR
   \   000044   7414         MOV     A,#0x14
   \   000046   F0           MOVX    @DPTR,A
    215            SampleApp_Flash_DstAddr.addr.shortAddr = SAMPLEAPP_FLASH_GROUP;
   \   000047   90....       MOV     DPTR,#SampleApp_Flash_DstAddr
   \   00004A   7401         MOV     A,#0x1
   \   00004C   F0           MOVX    @DPTR,A
   \   00004D   A3           INC     DPTR
   \   00004E   E4           CLR     A
   \   00004F   F0           MOVX    @DPTR,A
    216          
    217            // Fill out the endpoint description.
    218            SampleApp_epDesc.endPoint = SAMPLEAPP_ENDPOINT;
   \   000050   90....       MOV     DPTR,#SampleApp_epDesc
   \   000053   7414         MOV     A,#0x14
   \   000055   F0           MOVX    @DPTR,A
    219            SampleApp_epDesc.task_id = &SampleApp_TaskID;
   \   000056   A3           INC     DPTR
   \   000057   74..         MOV     A,#SampleApp_TaskID & 0xff
   \   000059   F0           MOVX    @DPTR,A
   \   00005A   A3           INC     DPTR
   \   00005B   74..         MOV     A,#(SampleApp_TaskID >> 8) & 0xff
   \   00005D   F0           MOVX    @DPTR,A
    220            SampleApp_epDesc.simpleDesc
    221                      = (SimpleDescriptionFormat_t *)&SampleApp_SimpleDesc;
   \   00005E   A3           INC     DPTR
   \   00005F   74..         MOV     A,#SampleApp_SimpleDesc & 0xff
   \   000061   F0           MOVX    @DPTR,A
   \   000062   A3           INC     DPTR
   \   000063   74..         MOV     A,#(SampleApp_SimpleDesc >> 8) & 0xff
   \   000065   F0           MOVX    @DPTR,A
    222            SampleApp_epDesc.latencyReq = noLatencyReqs;
   \   000066   A3           INC     DPTR
   \   000067   E4           CLR     A
   \   000068   F0           MOVX    @DPTR,A
    223          
    224            // Register the endpoint description with the AF
    225            afRegister( &SampleApp_epDesc );
   \   000069                ; Setup parameters for call to function afRegister
   \   000069   7A..         MOV     R2,#SampleApp_epDesc & 0xff
   \   00006B   7B..         MOV     R3,#(SampleApp_epDesc >> 8) & 0xff
   \   00006D   12....       LCALL   ??afRegister?relay
    226          
    227            // Register for all key events - This app will handle all key events
    228            RegisterForKeys( SampleApp_TaskID );
   \   000070                ; Setup parameters for call to function RegisterForKeys
   \   000070   90....       MOV     DPTR,#SampleApp_TaskID
   \   000073   E0           MOVX    A,@DPTR
   \   000074   F9           MOV     R1,A
   \   000075   12....       LCALL   ??RegisterForKeys?relay
    229          
    230            // By default, all devices start out in Group 1
    231            SampleApp_Group.ID = 0x0001;
   \   000078   90....       MOV     DPTR,#SampleApp_Group
   \   00007B   7401         MOV     A,#0x1
   \   00007D   F0           MOVX    @DPTR,A
   \   00007E   A3           INC     DPTR
   \   00007F   E4           CLR     A
   \   000080   F0           MOVX    @DPTR,A
    232            osal_memcpy( SampleApp_Group.name, "Group 1", 7  );
   \   000081                ; Setup parameters for call to function osal_memcpy
   \   000081   75....       MOV     ?V0 + 0,#`?<Constant "Group 1">` & 0xff
   \   000084   75....       MOV     ?V0 + 1,#(`?<Constant "Group 1">` >> 8) & 0xff
   \   000087   F5..         MOV     ?V0 + 2,A
   \   000089   78..         MOV     R0,#?V0 + 0
   \   00008B   12....       LCALL   ?PUSH_XSTACK_I_THREE
   \   00008E   7C07         MOV     R4,#0x7
   \   000090   7D00         MOV     R5,#0x0
   \   000092   7A..         MOV     R2,#(SampleApp_Group + 2) & 0xff
   \   000094   7B..         MOV     R3,#((SampleApp_Group + 2) >> 8) & 0xff
   \   000096   12....       LCALL   ??osal_memcpy?relay
   \   000099   7403         MOV     A,#0x3
   \   00009B   12....       LCALL   ?DEALLOC_XSTACK8
    233            aps_AddGroup( SAMPLEAPP_ENDPOINT, &SampleApp_Group );
   \   00009E                ; Setup parameters for call to function aps_AddGroup
   \   00009E   7A..         MOV     R2,#SampleApp_Group & 0xff
   \   0000A0   7B..         MOV     R3,#(SampleApp_Group >> 8) & 0xff
   \   0000A2   7914         MOV     R1,#0x14
   \   0000A4   12....       LCALL   ??aps_AddGroup?relay
    234          
    235          #if defined ( LCD_SUPPORTED )
    236            HalLcdWriteString( "SampleApp", HAL_LCD_LINE_1 );
   \   0000A7                ; Setup parameters for call to function HalLcdWriteString
   \   0000A7   7901         MOV     R1,#0x1
   \   0000A9   7A..         MOV     R2,#`?<Constant "SampleApp">` & 0xff
   \   0000AB   7B..         MOV     R3,#(`?<Constant "SampleApp">` >> 8) & 0xff
   \   0000AD   12....       LCALL   ??HalLcdWriteString?relay
    237          #endif
    238          }
   \   0000B0   7F03         MOV     R7,#0x3
   \   0000B2   02....       LJMP    ?BANKED_LEAVE_XDATA
    239          
    240          /*********************************************************************
    241           * @fn      SampleApp_ProcessEvent
    242           *
    243           * @brief   Generic Application Task event processor.  This function
    244           *          is called to process all events for the task.  Events
    245           *          include timers, messages and any other user defined events.
    246           *
    247           * @param   task_id  - The OSAL assigned task ID.
    248           * @param   events - events to process.  This is a bit map and can
    249           *                   contain more than one event.
    250           *
    251           * @return  none
    252           */

   \                                 In  segment BANKED_CODE, align 1, keep-with-next
    253          uint16 SampleApp_ProcessEvent( uint8 task_id, uint16 events )
   \                     SampleApp_ProcessEvent:
    254          {
   \   000000   74F4         MOV     A,#-0xc
   \   000002   12....       LCALL   ?BANKED_ENTER_XDATA
   \   000005                ; Saved register size: 12
   \   000005                ; Auto size: 0
   \   000005   8A..         MOV     ?V0 + 0,R2
   \   000007   8B..         MOV     ?V0 + 1,R3
    255            afIncomingMSGPacket_t *MSGpkt;
    256            (void)task_id;  // Intentionally unreferenced parameter
    257          
    258            if ( events & SYS_EVENT_MSG )
   \   000009   EB           MOV     A,R3
   \   00000A   5480         ANL     A,#0x80
   \   00000C   6066         JZ      ??SampleApp_ProcessEvent_0
    259            {
    260              MSGpkt = (afIncomingMSGPacket_t *)osal_msg_receive( SampleApp_TaskID );
   \   00000E                ; Setup parameters for call to function osal_msg_receive
   \   00000E   800D         SJMP    ??SampleApp_ProcessEvent_1
    261              while ( MSGpkt )
    262              {
    263                switch ( MSGpkt->hdr.event )
    264                {
    265                  // Received when a key is pressed
    266                  case KEY_CHANGE:
    267                    SampleApp_HandleKeys( ((keyChange_t *)MSGpkt)->state, ((keyChange_t *)MSGpkt)->keys );
    268                    break;
    269          
    270                  // Received when a messages is received (OTA) for this endpoint
    271                  case AF_INCOMING_MSG_CMD:
    272                    SampleApp_MessageMSGCB( MSGpkt );
    273                    break;
    274                    
    275                  case CMD_SERIAL_MSG:
    276                    
    277                    SampleApp_SerialMSG((mtOSALSerialData_t *)MSGpkt);
    278                    break;
    279                  // Received whenever the device changes state in the network
    280                  case ZDO_STATE_CHANGE:
    281                    SampleApp_NwkState = (devStates_t)(MSGpkt->hdr.status);
   \                     ??SampleApp_ProcessEvent_2:
   \   000010   A3           INC     DPTR
   \   000011   E0           MOVX    A,@DPTR
   \   000012   90....       MOV     DPTR,#SampleApp_NwkState
   \   000015   F0           MOVX    @DPTR,A
    282                    if ( (SampleApp_NwkState == DEV_ZB_COORD)
    283                        || (SampleApp_NwkState == DEV_ROUTER)
    284                        || (SampleApp_NwkState == DEV_END_DEVICE) )
    285                    {
    286                      // Start sending the periodic message in a regular interval.
    287          //            osal_start_timerEx( SampleApp_TaskID,
    288          //                              SAMPLEAPP_SEND_PERIODIC_MSG_EVT,
    289          //                              SAMPLEAPP_SEND_PERIODIC_MSG_TIMEOUT );
    290                    }
    291                    else
    292                    {
    293                      // Device is no longer in the network
    294                    }
    295                    break;
    296          
    297                  default:
    298                    break;
    299                }
    300          
    301                // Release the memory
    302                osal_msg_deallocate( (uint8 *)MSGpkt );
   \                     ??SampleApp_ProcessEvent_3:
   \   000016                ; Setup parameters for call to function osal_msg_deallocate
   \   000016   EE           MOV     A,R6
   \   000017   FA           MOV     R2,A
   \   000018   EF           MOV     A,R7
   \   000019   FB           MOV     R3,A
   \   00001A   12....       LCALL   ??osal_msg_deallocate?relay
    303          
    304                // Next - if one is available
    305                MSGpkt = (afIncomingMSGPacket_t *)osal_msg_receive( SampleApp_TaskID );
   \   00001D                ; Setup parameters for call to function osal_msg_receive
   \                     ??SampleApp_ProcessEvent_1:
   \   00001D   90....       MOV     DPTR,#SampleApp_TaskID
   \   000020   E0           MOVX    A,@DPTR
   \   000021   F9           MOV     R1,A
   \   000022   12....       LCALL   ??osal_msg_receive?relay
   \   000025   8A..         MOV     ?V0 + 2,R2
   \   000027   8B..         MOV     ?V0 + 3,R3
   \   000029   AE..         MOV     R6,?V0 + 2
   \   00002B   AF..         MOV     R7,?V0 + 3
   \   00002D   EE           MOV     A,R6
   \   00002E   4F           ORL     A,R7
   \   00002F   603A         JZ      ??SampleApp_ProcessEvent_4
   \   000031   8E82         MOV     DPL,R6
   \   000033   8F83         MOV     DPH,R7
   \   000035   E0           MOVX    A,@DPTR
   \   000036   14           DEC     A
   \   000037   6029         JZ      ??SampleApp_ProcessEvent_5
   \   000039   24E7         ADD     A,#-0x19
   \   00003B   601C         JZ      ??SampleApp_ProcessEvent_6
   \   00003D   245A         ADD     A,#0x5a
   \   00003F   6006         JZ      ??SampleApp_ProcessEvent_7
   \   000041   24EF         ADD     A,#-0x11
   \   000043   60CB         JZ      ??SampleApp_ProcessEvent_2
   \   000045   80CF         SJMP    ??SampleApp_ProcessEvent_3
   \                     ??SampleApp_ProcessEvent_7:
   \   000047                ; Setup parameters for call to function SampleApp_HandleKeys
   \   000047   A3           INC     DPTR
   \   000048   A3           INC     DPTR
   \   000049   A3           INC     DPTR
   \   00004A   E0           MOVX    A,@DPTR
   \   00004B   FA           MOV     R2,A
   \   00004C   8E82         MOV     DPL,R6
   \   00004E   8F83         MOV     DPH,R7
   \   000050   A3           INC     DPTR
   \   000051   A3           INC     DPTR
   \   000052   E0           MOVX    A,@DPTR
   \   000053   F9           MOV     R1,A
   \   000054   12....       LCALL   ??SampleApp_HandleKeys?relay
   \   000057   80BD         SJMP    ??SampleApp_ProcessEvent_3
   \                     ??SampleApp_ProcessEvent_6:
   \   000059                ; Setup parameters for call to function SampleApp_MessageMSGCB
   \   000059   EE           MOV     A,R6
   \   00005A   FA           MOV     R2,A
   \   00005B   EF           MOV     A,R7
   \   00005C   FB           MOV     R3,A
   \   00005D   12....       LCALL   ??SampleApp_MessageMSGCB?relay
   \   000060   80B4         SJMP    ??SampleApp_ProcessEvent_3
   \                     ??SampleApp_ProcessEvent_5:
   \   000062                ; Setup parameters for call to function SampleApp_SerialMSG
   \   000062   EE           MOV     A,R6
   \   000063   FA           MOV     R2,A
   \   000064   EF           MOV     A,R7
   \   000065   FB           MOV     R3,A
   \   000066   12....       LCALL   ??SampleApp_SerialMSG?relay
   \   000069   80AB         SJMP    ??SampleApp_ProcessEvent_3
    306              }
    307          
    308              // return unprocessed events
    309              return (events ^ SYS_EVENT_MSG);
   \                     ??SampleApp_ProcessEvent_4:
   \   00006B   AA..         MOV     R2,?V0 + 0
   \   00006D   E5..         MOV     A,?V0 + 1
   \   00006F   6480         XRL     A,#0x80
   \   000071   FB           MOV     R3,A
   \   000072   802C         SJMP    ??SampleApp_ProcessEvent_8
    310            }
    311          
    312            // Send a message out - This event is generated by a timer
    313            //  (setup in SampleApp_Init()).
    314            if ( events & SAMPLEAPP_SEND_PERIODIC_MSG_EVT )
   \                     ??SampleApp_ProcessEvent_0:
   \   000074   EA           MOV     A,R2
   \   000075   A2E0         MOV     C,0xE0 /* A   */.0
   \   000077   5023         JNC     ??SampleApp_ProcessEvent_9
    315            {
    316              // Send the periodic message
    317              SampleApp_SendPeriodicMessage();
   \   000079                ; Setup parameters for call to function SampleApp_SendPeriodicMessage
   \   000079   12....       LCALL   ??SampleApp_SendPeriodicMessage?relay
    318          
    319              // Setup to send message again in normal period (+ a little jitter)
    320              osal_start_timerEx( SampleApp_TaskID, SAMPLEAPP_SEND_PERIODIC_MSG_EVT,
    321                  (SAMPLEAPP_SEND_PERIODIC_MSG_TIMEOUT + (osal_rand() & 0x00FF)) );
   \   00007C                ; Setup parameters for call to function osal_rand
   \   00007C   12....       LCALL   ??osal_rand?relay
   \   00007F                ; Setup parameters for call to function osal_start_timerEx
   \   00007F   EA           MOV     A,R2
   \   000080   2488         ADD     A,#-0x78
   \   000082   FC           MOV     R4,A
   \   000083   E4           CLR     A
   \   000084   3413         ADDC    A,#0x13
   \   000086   FD           MOV     R5,A
   \   000087   7A01         MOV     R2,#0x1
   \   000089   7B00         MOV     R3,#0x0
   \   00008B   90....       MOV     DPTR,#SampleApp_TaskID
   \   00008E   E0           MOVX    A,@DPTR
   \   00008F   F9           MOV     R1,A
   \   000090   12....       LCALL   ??osal_start_timerEx?relay
    322          
    323              // return unprocessed events
    324              return (events ^ SAMPLEAPP_SEND_PERIODIC_MSG_EVT);
   \   000093   E5..         MOV     A,?V0 + 0
   \   000095   6401         XRL     A,#0x1
   \   000097   FA           MOV     R2,A
   \   000098   AB..         MOV     R3,?V0 + 1
   \   00009A   8004         SJMP    ??SampleApp_ProcessEvent_8
    325            }
    326          
    327            // Discard unknown events
    328            return 0;
   \                     ??SampleApp_ProcessEvent_9:
   \   00009C   7A00         MOV     R2,#0x0
   \   00009E   7B00         MOV     R3,#0x0
   \                     ??SampleApp_ProcessEvent_8:
   \   0000A0   7F04         MOV     R7,#0x4
   \   0000A2   02....       LJMP    ?BANKED_LEAVE_XDATA
    329          }
    330          
    331          /*********************************************************************
    332           * Event Generation Functions
    333           */
    334          /*********************************************************************
    335           * @fn      SampleApp_HandleKeys
    336           *
    337           * @brief   Handles all key events for this device.
    338           *
    339           * @param   shift - true if in shift/alt.
    340           * @param   keys - bit field for key events. Valid entries:
    341           *                 HAL_KEY_SW_2
    342           *                 HAL_KEY_SW_1
    343           *
    344           * @return  none
    345           */

   \                                 In  segment BANKED_CODE, align 1, keep-with-next
    346          void SampleApp_HandleKeys( uint8 shift, uint8 keys )
   \                     SampleApp_HandleKeys:
    347          {
   \   000000   74F6         MOV     A,#-0xa
   \   000002   12....       LCALL   ?BANKED_ENTER_XDATA
   \   000005                ; Saved register size: 10
   \   000005                ; Auto size: 0
   \   000005   EA           MOV     A,R2
   \   000006   FE           MOV     R6,A
    348            (void)shift;  // Intentionally unreferenced parameter
    349            
    350            if ( keys & HAL_KEY_SW_1 )
   \   000007   A2E0         MOV     C,0xE0 /* A   */.0
   \   000009   5007         JNC     ??SampleApp_HandleKeys_0
    351            {
    352              /* This key sends the Flash Command is sent to Group 1.
    353               * This device will not receive the Flash Command from this
    354               * device (even if it belongs to group 1).
    355               */
    356              SampleApp_SendFlashMessage( SAMPLEAPP_FLASH_DURATION );
   \   00000B                ; Setup parameters for call to function SampleApp_SendFlashMessage
   \   00000B   7AE8         MOV     R2,#-0x18
   \   00000D   7B03         MOV     R3,#0x3
   \   00000F   12....       LCALL   ??SampleApp_SendFlashMessage?relay
    357            }
    358          
    359            if ( keys & HAL_KEY_SW_2 )
   \                     ??SampleApp_HandleKeys_0:
   \   000012   EE           MOV     A,R6
   \   000013   A2E1         MOV     C,0xE0 /* A   */.1
   \   000015   5024         JNC     ??SampleApp_HandleKeys_1
    360            {
    361              /* The Flashr Command is sent to Group 1.
    362               * This key toggles this device in and out of group 1.
    363               * If this device doesn't belong to group 1, this application
    364               * will not receive the Flash command sent to group 1.
    365               */
    366              aps_Group_t *grp;
    367              grp = aps_FindGroup( SAMPLEAPP_ENDPOINT, SAMPLEAPP_FLASH_GROUP );
    368              if ( grp )
   \   000017                ; Setup parameters for call to function aps_FindGroup
   \   000017   7A01         MOV     R2,#0x1
   \   000019   7B00         MOV     R3,#0x0
   \   00001B   7914         MOV     R1,#0x14
   \   00001D   12....       LCALL   ??aps_FindGroup?relay
   \   000020   8B..         MOV     ?V0 + 1,R3
   \   000022   EA           MOV     A,R2
   \   000023   45..         ORL     A,?V0 + 1
   \   000025   600B         JZ      ??SampleApp_HandleKeys_2
    369              {
    370                // Remove from the group
    371                aps_RemoveGroup( SAMPLEAPP_ENDPOINT, SAMPLEAPP_FLASH_GROUP );
   \   000027                ; Setup parameters for call to function aps_RemoveGroup
   \   000027   7A01         MOV     R2,#0x1
   \   000029   7B00         MOV     R3,#0x0
   \   00002B   7914         MOV     R1,#0x14
   \   00002D   12....       LCALL   ??aps_RemoveGroup?relay
   \   000030   8009         SJMP    ??SampleApp_HandleKeys_1
    372              }
    373              else
    374              {
    375                // Add to the flash group
    376                aps_AddGroup( SAMPLEAPP_ENDPOINT, &SampleApp_Group );
   \                     ??SampleApp_HandleKeys_2:
   \   000032                ; Setup parameters for call to function aps_AddGroup
   \   000032   7A..         MOV     R2,#SampleApp_Group & 0xff
   \   000034   7B..         MOV     R3,#(SampleApp_Group >> 8) & 0xff
   \   000036   7914         MOV     R1,#0x14
   \   000038   12....       LCALL   ??aps_AddGroup?relay
    377              }
    378            }
    379          }
   \                     ??SampleApp_HandleKeys_1:
   \   00003B   02....       LJMP    ??Subroutine3_0 & 0xFFFF

   \                                 In  segment BANKED_CODE, align 1, keep-with-next
   \                     ??Subroutine3_0:
   \   000000   7F02         MOV     R7,#0x2
   \   000002   02....       LJMP    ?BANKED_LEAVE_XDATA
    380          
    381          /*********************************************************************
    382           * LOCAL FUNCTIONS
    383           */
    384          
    385          /*********************************************************************
    386           * @fn      SampleApp_MessageMSGCB
    387           *
    388           * @brief   Data message processor callback.  This function processes
    389           *          any incoming data - probably from other devices.  So, based
    390           *          on cluster ID, perform the intended action.
    391           *
    392           * @param   none
    393           *
    394           * @return  none
    395           */

   \                                 In  segment BANKED_CODE, align 1, keep-with-next
    396          void SampleApp_MessageMSGCB( afIncomingMSGPacket_t *pkt )
   \                     SampleApp_MessageMSGCB:
    397          {
   \   000000   74F6         MOV     A,#-0xa
   \   000002   12....       LCALL   ?BANKED_ENTER_XDATA
   \   000005                ; Saved register size: 10
   \   000005                ; Auto size: 0
    398            uint16 flashTime;
    399          
    400            switch ( pkt->clusterId )
   \   000005   8A82         MOV     DPL,R2
   \   000007   8B83         MOV     DPH,R3
   \   000009   A3           INC     DPTR
   \   00000A   A3           INC     DPTR
   \   00000B   A3           INC     DPTR
   \   00000C   A3           INC     DPTR
   \   00000D   E0           MOVX    A,@DPTR
   \   00000E   F5..         MOV     ?V0 + 0,A
   \   000010   A3           INC     DPTR
   \   000011   E0           MOVX    A,@DPTR
   \   000012   F5..         MOV     ?V0 + 1,A
   \   000014   78..         MOV     R0,#?V0 + 0
   \   000016   12....       LCALL   ?US_SWITCH_DENSE
   \                     `?<Jumptable for SampleApp_MessageMSGCB>_0`:
   \   000019   0200         DW        2
   \   00001B   02           DB        2
   \   00001C   ....         DW        ??SampleApp_MessageMSGCB_0
   \   00001E   ....         DW        ??SampleApp_MessageMSGCB_1
   \   000020   ....         DW        ??SampleApp_MessageMSGCB_0
   \   000022   ....         DW        ??SampleApp_MessageMSGCB_2
    401            {
    402              case SAMPLEAPP_PERIODIC_CLUSTERID:
    403          //      HalUARTWrite(0,"I get data\n",11);
    404          //      HalUARTWrite(0,&pkt->cmd.Data[0],pkt->cmd.DataLength);
    405                break;
    406          
    407              case SAMPLEAPP_FLASH_CLUSTERID:
    408                flashTime = BUILD_UINT16(pkt->cmd.Data[1], pkt->cmd.Data[2] );
    409                HalLedBlink( HAL_LED_4, 4, 50, (flashTime / 4) );
   \                     ??SampleApp_MessageMSGCB_1:
   \   000024   12....       LCALL   ?Subroutine1 & 0xFFFF
   \                     ??CrossCallReturnLabel_0:
   \   000027   F8           MOV     R0,A
   \   000028   A3           INC     DPTR
   \   000029   E0           MOVX    A,@DPTR
   \   00002A   F9           MOV     R1,A
   \   00002B                ; Setup parameters for call to function HalLedBlink
   \   00002B   8882         MOV     DPL,R0
   \   00002D   8983         MOV     DPH,R1
   \   00002F   A3           INC     DPTR
   \   000030   E0           MOVX    A,@DPTR
   \   000031   FA           MOV     R2,A
   \   000032   8882         MOV     DPL,R0
   \   000034   8983         MOV     DPH,R1
   \   000036   A3           INC     DPTR
   \   000037   A3           INC     DPTR
   \   000038   E0           MOVX    A,@DPTR
   \   000039   F9           MOV     R1,A
   \   00003A   EA           MOV     A,R2
   \   00003B   2400         ADD     A,#0x0
   \   00003D   F5..         MOV     ?V0 + 0,A
   \   00003F   E4           CLR     A
   \   000040   39           ADDC    A,R1
   \   000041   F5..         MOV     ?V0 + 1,A
   \   000043   7402         MOV     A,#0x2
   \   000045   78..         MOV     R0,#?V0 + 0
   \   000047   12....       LCALL   ?US_SHR
   \   00004A   AC..         MOV     R4,?V0 + 0
   \   00004C   AD..         MOV     R5,?V0 + 1
   \   00004E   7B32         MOV     R3,#0x32
   \   000050   7A04         MOV     R2,#0x4
   \   000052   7908         MOV     R1,#0x8
   \   000054   12....       LCALL   ??HalLedBlink?relay
    410                break;
   \   000057   8028         SJMP    ??SampleApp_MessageMSGCB_0
    411                
    412              case SAMPLEAPP_SERIAL_CLUSTERID:
    413                HalUARTWrite(0,&pkt->cmd.Data[0],pkt->cmd.DataLength);
   \                     ??SampleApp_MessageMSGCB_2:
   \   000059                ; Setup parameters for call to function HalUARTWrite
   \   000059   EA           MOV     A,R2
   \   00005A   2420         ADD     A,#0x20
   \   00005C   F582         MOV     DPL,A
   \   00005E   EB           MOV     A,R3
   \   00005F   3400         ADDC    A,#0x0
   \   000061   F583         MOV     DPH,A
   \   000063   E0           MOVX    A,@DPTR
   \   000064   FC           MOV     R4,A
   \   000065   A3           INC     DPTR
   \   000066   E0           MOVX    A,@DPTR
   \   000067   FD           MOV     R5,A
   \   000068   12....       LCALL   ?Subroutine1 & 0xFFFF
   \                     ??CrossCallReturnLabel_1:
   \   00006B   FA           MOV     R2,A
   \   00006C   A3           INC     DPTR
   \   00006D   E0           MOVX    A,@DPTR
   \   00006E   FB           MOV     R3,A
   \   00006F   7900         MOV     R1,#0x0
   \   000071   12....       LCALL   ??HalUARTWrite?relay
    414                HalUARTWrite(0,"\n",11);
   \   000074                ; Setup parameters for call to function HalUARTWrite
   \   000074   7C0B         MOV     R4,#0xb
   \   000076   7D00         MOV     R5,#0x0
   \   000078   7A..         MOV     R2,#`?<Constant "\\n">` & 0xff
   \   00007A   7B..         MOV     R3,#(`?<Constant "\\n">` >> 8) & 0xff
   \   00007C   7900         MOV     R1,#0x0
   \   00007E   12....       LCALL   ??HalUARTWrite?relay
    415                break;
    416            }
    417          }
   \                     ??SampleApp_MessageMSGCB_0:
   \   000081   02....       LJMP    ??Subroutine3_0 & 0xFFFF

   \                                 In  segment BANKED_CODE, align 1, keep-with-next
   \                     ?Subroutine1:
   \   000000   EA           MOV     A,R2
   \   000001   2422         ADD     A,#0x22
   \   000003   F582         MOV     DPL,A
   \   000005   EB           MOV     A,R3
   \   000006   3400         ADDC    A,#0x0
   \   000008   F583         MOV     DPH,A
   \   00000A   E0           MOVX    A,@DPTR
   \   00000B   22           RET
    418          
    419          /*********************************************************************
    420           * @fn      SampleApp_SendPeriodicMessage
    421           *
    422           * @brief   Send the periodic message.
    423           *
    424           * @param   none
    425           *
    426           * @return  none
    427           */

   \                                 In  segment BANKED_CODE, align 1, keep-with-next
    428          void SampleApp_SendPeriodicMessage( void )
   \                     SampleApp_SendPeriodicMessage:
    429          {
   \   000000   74F6         MOV     A,#-0xa
   \   000002   12....       LCALL   ?BANKED_ENTER_XDATA
   \   000005                ; Saved register size: 10
   \   000005                ; Auto size: 0
    430            if ( AF_DataRequest( &SampleApp_Periodic_DstAddr, &SampleApp_epDesc,
    431                                 SAMPLEAPP_PERIODIC_CLUSTERID,
    432                                 1,
    433                                 (uint8*)&SampleAppPeriodicCounter,
    434                                 &SampleApp_TransID,
    435                                 AF_DISCV_ROUTE,
    436                                 AF_DEFAULT_RADIUS ) == afStatus_SUCCESS )
   \   000005                ; Setup parameters for call to function AF_DataRequest
   \   000005   75..1E       MOV     ?V0 + 0,#0x1e
   \   000008   78..         MOV     R0,#?V0 + 0
   \   00000A   12....       LCALL   ?PUSH_XSTACK_I_ONE
   \   00000D   75....       MOV     ?V0 + 0,#SampleApp_TransID & 0xff
   \   000010   75....       MOV     ?V0 + 1,#(SampleApp_TransID >> 8) & 0xff
   \   000013   78..         MOV     R0,#?V0 + 0
   \   000015   12....       LCALL   ?PUSH_XSTACK_I_TWO
   \   000018   75....       MOV     ?V0 + 0,#SampleAppPeriodicCounter & 0xff
   \   00001B   75....       MOV     ?V0 + 1,#(SampleAppPeriodicCounter >> 8) & 0xff
   \   00001E   78..         MOV     R0,#?V0 + 0
   \   000020   12....       LCALL   ?PUSH_XSTACK_I_TWO
   \   000023   75..01       MOV     ?V0 + 0,#0x1
   \   000026   75..00       MOV     ?V0 + 1,#0x0
   \   000029   78..         MOV     R0,#?V0 + 0
   \   00002B   12....       LCALL   ?PUSH_XSTACK_I_TWO
   \   00002E   80..         SJMP    ?Subroutine0
    437            {
    438            }
    439            else
    440            {
    441              // Error occurred in request to send.
    442            }
    443          }

   \                                 In  segment BANKED_CODE, align 1, keep-with-next
   \                     ?Subroutine0:
   \   000000   78..         MOV     R0,#?V0 + 0
   \   000002   12....       LCALL   ?PUSH_XSTACK_I_TWO
   \   000005   7920         MOV     R1,#0x20
   \   000007   7C..         MOV     R4,#SampleApp_epDesc & 0xff
   \   000009   7D..         MOV     R5,#(SampleApp_epDesc >> 8) & 0xff
   \   00000B   7A..         MOV     R2,#SampleApp_Periodic_DstAddr & 0xff
   \   00000D   7B..         MOV     R3,#(SampleApp_Periodic_DstAddr >> 8) & 0xff
   \   00000F   12....       LCALL   ??AF_DataRequest?relay
   \   000012   7409         MOV     A,#0x9
   \   000014                REQUIRE ??Subroutine2_0
   \   000014                ; // Fall through to label ??Subroutine2_0

   \                                 In  segment BANKED_CODE, align 1, keep-with-next
   \                     ??Subroutine2_0:
   \   000000   12....       LCALL   ?DEALLOC_XSTACK8
   \   000003                REQUIRE ??Subroutine3_0
   \   000003                ; // Fall through to label ??Subroutine3_0
    444          
    445          /*********************************************************************
    446           * @fn      SampleApp_SendFlashMessage
    447           *
    448           * @brief   Send the flash message to group 1.
    449           *
    450           * @param   flashTime - in milliseconds
    451           *
    452           * @return  none
    453           */

   \                                 In  segment BANKED_CODE, align 1, keep-with-next
    454          void SampleApp_SendFlashMessage( uint16 flashTime )
   \                     SampleApp_SendFlashMessage:
    455          {
   \   000000   74F6         MOV     A,#-0xa
   \   000002   12....       LCALL   ?BANKED_ENTER_XDATA
   \   000005                ; Saved register size: 10
   \   000005                ; Auto size: 3
   \   000005   74FD         MOV     A,#-0x3
   \   000007   12....       LCALL   ?ALLOC_XSTACK8
    456            uint8 buffer[3];
    457            buffer[0] = (uint8)(SampleAppFlashCounter++);
   \   00000A   90....       MOV     DPTR,#SampleAppFlashCounter
   \   00000D   E0           MOVX    A,@DPTR
   \   00000E   85..82       MOV     DPL,?XSP + 0
   \   000011   85..83       MOV     DPH,?XSP + 1
   \   000014   F0           MOVX    @DPTR,A
   \   000015   90....       MOV     DPTR,#SampleAppFlashCounter
   \   000018   E0           MOVX    A,@DPTR
   \   000019   04           INC     A
   \   00001A   F0           MOVX    @DPTR,A
    458            buffer[1] = LO_UINT16( flashTime );
   \   00001B   7401         MOV     A,#0x1
   \   00001D   12....       LCALL   ?XSTACK_DISP0_8
   \   000020   EA           MOV     A,R2
   \   000021   F0           MOVX    @DPTR,A
    459            buffer[2] = HI_UINT16( flashTime );
   \   000022   7402         MOV     A,#0x2
   \   000024   12....       LCALL   ?XSTACK_DISP0_8
   \   000027   EB           MOV     A,R3
   \   000028   F0           MOVX    @DPTR,A
    460          
    461            if ( AF_DataRequest( &SampleApp_Flash_DstAddr, &SampleApp_epDesc,
    462                                 SAMPLEAPP_FLASH_CLUSTERID,
    463                                 3,
    464                                 buffer,
    465                                 &SampleApp_TransID,
    466                                 AF_DISCV_ROUTE,
    467                                 AF_DEFAULT_RADIUS ) == afStatus_SUCCESS )
   \   000029                ; Setup parameters for call to function AF_DataRequest
   \   000029   75..1E       MOV     ?V0 + 0,#0x1e
   \   00002C   78..         MOV     R0,#?V0 + 0
   \   00002E   12....       LCALL   ?PUSH_XSTACK_I_ONE
   \   000031   75....       MOV     ?V0 + 0,#SampleApp_TransID & 0xff
   \   000034   75....       MOV     ?V0 + 1,#(SampleApp_TransID >> 8) & 0xff
   \   000037   78..         MOV     R0,#?V0 + 0
   \   000039   12....       LCALL   ?PUSH_XSTACK_I_TWO
   \   00003C   7403         MOV     A,#0x3
   \   00003E   12....       LCALL   ?XSTACK_DISP0_8
   \   000041   8582..       MOV     ?V0 + 0,DPL
   \   000044   8583..       MOV     ?V0 + 1,DPH
   \   000047   78..         MOV     R0,#?V0 + 0
   \   000049   12....       LCALL   ?PUSH_XSTACK_I_TWO
   \   00004C   75..03       MOV     ?V0 + 0,#0x3
   \   00004F   75..00       MOV     ?V0 + 1,#0x0
   \   000052   78..         MOV     R0,#?V0 + 0
   \   000054   12....       LCALL   ?PUSH_XSTACK_I_TWO
   \   000057   75..02       MOV     ?V0 + 0,#0x2
   \   00005A   78..         MOV     R0,#?V0 + 0
   \   00005C   12....       LCALL   ?PUSH_XSTACK_I_TWO
   \   00005F   7920         MOV     R1,#0x20
   \   000061   7C..         MOV     R4,#SampleApp_epDesc & 0xff
   \   000063   7D..         MOV     R5,#(SampleApp_epDesc >> 8) & 0xff
   \   000065   7A..         MOV     R2,#SampleApp_Flash_DstAddr & 0xff
   \   000067   7B..         MOV     R3,#(SampleApp_Flash_DstAddr >> 8) & 0xff
   \   000069   12....       LCALL   ??AF_DataRequest?relay
   \   00006C   7409         MOV     A,#0x9
   \   00006E   12....       LCALL   ?DEALLOC_XSTACK8
    468            {
    469            }
    470            else
    471            {
    472              // Error occurred in request to send.
    473            }
    474          }
   \   000071   7403         MOV     A,#0x3
   \   000073   80..         SJMP    ??Subroutine2_0
    475          
    476          /*********************************************************************
    477          *********************************************************************/

   \                                 In  segment BANKED_CODE, align 1, keep-with-next
    478          void SampleApp_SerialMSG(mtOSALSerialData_t *SeMsg)
   \                     SampleApp_SerialMSG:
    479          {
   \   000000   74F6         MOV     A,#-0xa
   \   000002   12....       LCALL   ?BANKED_ENTER_XDATA
   \   000005                ; Saved register size: 10
   \   000005                ; Auto size: 0
    480          //  HalUARTWrite(0,&SeMsg->msg[1],SeMsg->msg[0]);
    481          //  HalUARTWrite(0,"\n",1);
    482            if ( AF_DataRequest( &SampleApp_Periodic_DstAddr, &SampleApp_epDesc,
    483                                 SAMPLEAPP_SERIAL_CLUSTERID,
    484                                 SeMsg->msg[0],
    485                                 &SeMsg->msg[1],
    486                                 &SampleApp_TransID,
    487                                 AF_DISCV_ROUTE,
    488                                 AF_DEFAULT_RADIUS ) == afStatus_SUCCESS )
   \   000005   8A82         MOV     DPL,R2
   \   000007   8B83         MOV     DPH,R3
   \   000009   A3           INC     DPTR
   \   00000A   A3           INC     DPTR
   \   00000B   E0           MOVX    A,@DPTR
   \   00000C   F8           MOV     R0,A
   \   00000D   A3           INC     DPTR
   \   00000E   E0           MOVX    A,@DPTR
   \   00000F   F9           MOV     R1,A
   \   000010   E8           MOV     A,R0
   \   000011   FA           MOV     R2,A
   \   000012   E9           MOV     A,R1
   \   000013   FB           MOV     R3,A
   \   000014                ; Setup parameters for call to function AF_DataRequest
   \   000014   75..1E       MOV     ?V0 + 0,#0x1e
   \   000017   78..         MOV     R0,#?V0 + 0
   \   000019   12....       LCALL   ?PUSH_XSTACK_I_ONE
   \   00001C   75....       MOV     ?V0 + 0,#SampleApp_TransID & 0xff
   \   00001F   75....       MOV     ?V0 + 1,#(SampleApp_TransID >> 8) & 0xff
   \   000022   78..         MOV     R0,#?V0 + 0
   \   000024   12....       LCALL   ?PUSH_XSTACK_I_TWO
   \   000027   8A82         MOV     DPL,R2
   \   000029   8B83         MOV     DPH,R3
   \   00002B   A3           INC     DPTR
   \   00002C   8582..       MOV     ?V0 + 0,DPL
   \   00002F   8583..       MOV     ?V0 + 1,DPH
   \   000032   78..         MOV     R0,#?V0 + 0
   \   000034   12....       LCALL   ?PUSH_XSTACK_I_TWO
   \   000037   8A82         MOV     DPL,R2
   \   000039   8B83         MOV     DPH,R3
   \   00003B   E0           MOVX    A,@DPTR
   \   00003C   F5..         MOV     ?V0 + 0,A
   \   00003E   75..00       MOV     ?V0 + 1,#0x0
   \   000041   78..         MOV     R0,#?V0 + 0
   \   000043   12....       LCALL   ?PUSH_XSTACK_I_TWO
   \   000046   75..04       MOV     ?V0 + 0,#0x4
   \   000049   80..         SJMP    ?Subroutine0
    489            {
    490            }
    491            else
    492            {
    493              // Error occurred in request to send.
    494            }
    495          }

   \                                 In  segment BANK_RELAYS, align 1
   \                     ??SampleApp_Init?relay:
   \   000000   12....       LCALL   ?BDISPATCH
   \   000003   ......       DC24    SampleApp_Init

   \                                 In  segment BANK_RELAYS, align 1
   \                     ??SampleApp_ProcessEvent?relay:
   \   000000   12....       LCALL   ?BDISPATCH
   \   000003   ......       DC24    SampleApp_ProcessEvent

   \                                 In  segment BANK_RELAYS, align 1
   \                     ??SampleApp_HandleKeys?relay:
   \   000000   12....       LCALL   ?BDISPATCH
   \   000003   ......       DC24    SampleApp_HandleKeys

   \                                 In  segment BANK_RELAYS, align 1
   \                     ??SampleApp_MessageMSGCB?relay:
   \   000000   12....       LCALL   ?BDISPATCH
   \   000003   ......       DC24    SampleApp_MessageMSGCB

   \                                 In  segment BANK_RELAYS, align 1
   \                     ??SampleApp_SendPeriodicMessage?relay:
   \   000000   12....       LCALL   ?BDISPATCH
   \   000003   ......       DC24    SampleApp_SendPeriodicMessage

   \                                 In  segment BANK_RELAYS, align 1
   \                     ??SampleApp_SendFlashMessage?relay:
   \   000000   12....       LCALL   ?BDISPATCH
   \   000003   ......       DC24    SampleApp_SendFlashMessage

   \                                 In  segment BANK_RELAYS, align 1
   \                     ??SampleApp_SerialMSG?relay:
   \   000000   12....       LCALL   ?BDISPATCH
   \   000003   ......       DC24    SampleApp_SerialMSG

   \                                 In  segment XDATA_ROM_C, align 1
   \                     `?<Constant "NEWLab\\n">`:
   \   000000   4E45574C     DB "NEWLab\012"
   \            61620A00

   \                                 In  segment XDATA_ROM_C, align 1
   \                     `?<Constant "Group 1">`:
   \   000000   47726F75     DB "Group 1"
   \            70203100

   \                                 In  segment XDATA_ROM_C, align 1
   \                     `?<Constant "SampleApp">`:
   \   000000   53616D70     DB "SampleApp"
   \            6C654170
   \            7000    

   \                                 In  segment XDATA_ROM_C, align 1
   \                     `?<Constant "\\n">`:
   \   000000   0A00         DB "\012"

   Maximum stack usage in bytes:

     Function                       ISTACK PSTACK XSTACK
     --------                       ------ ------ ------
     SampleApp_HandleKeys               0      0     22
       -> SampleApp_SendFlashMessage
                                        0      0     20
       -> aps_FindGroup                 0      0     20
       -> aps_RemoveGroup               0      0     20
       -> aps_AddGroup                  0      0     20
     SampleApp_Init                     0      0     14
       -> MT_UartInit                   0      0     22
       -> MT_UartRegisterTaskID         0      0     22
       -> HalUARTWrite                  0      0     22
       -> afRegister                    0      0     22
       -> RegisterForKeys               0      0     22
       -> osal_memcpy                   0      0     28
       -> aps_AddGroup                  0      0     22
       -> HalLcdWriteString             0      0     22
     SampleApp_MessageMSGCB             0      0     22
       -> HalLedBlink                   0      0     20
       -> HalUARTWrite                  0      0     20
       -> HalUARTWrite                  0      0     20
     SampleApp_ProcessEvent             0      0     12
       -> osal_msg_receive              0      0     24
       -> osal_msg_deallocate           0      0     24
       -> osal_msg_receive              0      0     24
       -> SampleApp_HandleKeys          0      0     24
       -> SampleApp_MessageMSGCB        0      0     24
       -> SampleApp_SerialMSG           0      0     24
       -> SampleApp_SendPeriodicMessage
                                        0      0     24
       -> osal_rand                     0      0     24
       -> osal_start_timerEx            0      0     24
     SampleApp_SendFlashMessage         1      0     32
       -> AF_DataRequest                0      0     44
     SampleApp_SendPeriodicMessage      0      0     31
       -> AF_DataRequest                0      0     38
     SampleApp_SerialMSG                0      0     31
       -> AF_DataRequest                0      0     38


   Segment part sizes:

     Function/Label                        Bytes
     --------------                        -----
     SampleApp_ClusterList                    4
     SampleApp_SimpleDesc                    12
     SampleApp_epDesc                         6
     SampleApp_TaskID                         1
     SampleApp_NwkState                       1
     SampleApp_TransID                        1
     SampleApp_Periodic_DstAddr              12
     SampleApp_Flash_DstAddr                 12
     SampleApp_Group                         18
     SampleAppPeriodicCounter                 1
     SampleAppFlashCounter                    1
     SampleApp_Init                         181
     SampleApp_ProcessEvent                 165
     SampleApp_HandleKeys                    62
     ??Subroutine3_0                          5
     SampleApp_MessageMSGCB                 132
     ?Subroutine1                            12
     SampleApp_SendPeriodicMessage           48
     ?Subroutine0                            20
     ??Subroutine2_0                          3
     SampleApp_SendFlashMessage             117
     SampleApp_SerialMSG                     75
     ??SampleApp_Init?relay                   6
     ??SampleApp_ProcessEvent?relay           6
     ??SampleApp_HandleKeys?relay             6
     ??SampleApp_MessageMSGCB?relay           6
     ??SampleApp_SendPeriodicMessage?relay    6
     ??SampleApp_SendFlashMessage?relay       6
     ??SampleApp_SerialMSG?relay              6
     ?<Constant "NEWLab\n">                   8
     ?<Constant "Group 1">                    8
     ?<Constant "SampleApp">                 10
     ?<Constant "\n">                         2

 
 820 bytes in segment BANKED_CODE
  42 bytes in segment BANK_RELAYS
  44 bytes in segment XDATA_ROM_C
  53 bytes in segment XDATA_Z
 
 862 bytes of CODE  memory
  44 bytes of CONST memory
  53 bytes of XDATA memory

Errors: none
Warnings: none
